Subject: Your SocialOS account was deleted

--- text ---
Your SocialOS account and its data were deleted, as you requested. This cannot be undone.

If you did not request this, contact the operator of this server.

SocialOS

--- html ---
<!doctype html>
<html><body style="font-family:sans-serif;line-height:1.5;color:#111">
<p>Your SocialOS account and its data were deleted, as you requested. This cannot be undone.</p>
<p>If you did not request this, contact the operator of this server.</p>
<p style="color:#666;font-size:13px">SocialOS</p>
</body></html>
