Subject: Your Steerpost password was changed

--- text ---
The password of your Steerpost account was just changed, and your other browser sessions were signed out.

Your API keys and MCP connections were not revoked. Review them here: https://app.example.com/verify-email#token=abc123

If this was not you, reset your password now and contact the operator of this server.

Steerpost

--- html ---
<!doctype html>
<html><body style="font-family:sans-serif;line-height:1.5;color:#111">
<p>The password of your Steerpost account was just changed, and your other browser sessions were signed out.</p>
<p>Your API keys and MCP connections were not revoked. <a href="https://app.example.com/verify-email#token=abc123">Review them</a>.</p>
<p>If this was not you, reset your password now and contact the operator of this server.</p>
<p style="color:#666;font-size:13px">Steerpost</p>
</body></html>
