Subject: Verify your email for Steerpost

--- text ---
Verify your email address for Steerpost:

https://app.example.com/verify-email#token=abc123

The link works once and expires in 48 hours. If you did not create an account, ignore this email.

Steerpost

--- html ---
<!doctype html>
<html><body style="font-family:sans-serif;line-height:1.5;color:#111">
<p>Verify your email address for Steerpost:</p>
<p><a href="https://app.example.com/verify-email#token=abc123">Verify email</a></p>
<p>The link works once and expires in 48 hours. If you did not create an account, ignore this email.</p>
<p style="color:#666;font-size:13px">Steerpost</p>
</body></html>
